src/config/firebase.ts(23,14): error TS2883: The inferred type of 'auth' cannot be named without a reference to 'Auth' from '../../node_modules/firebase-admin/lib/auth/auth.js'. This is likely not portable. A type annotation is necessary.
